{
    "Mummer Test": {
        "content": [
            {
                "0": [
                    
                ],
                "1": [
                    
                ],
                "summary": [
                    
                ],
                "versions": [
                    
                ]
            }
        ],
        "meta": {
            "nf-test": "0.9.2",
            "nextflow": "24.10.4"
        },
        "timestamp": "2025-07-07T14:21:42.922476006"
    }
}