{
    "Paired-end test": {
        "content": [
            {
                "0": [
                    
                ],
                "1": [
                    
                ],
                "2": [
                    
                ],
                "html": [
                    
                ],
                "versions": [
                    
                ],
                "zip": [
                    
                ]
            }
        ],
        "meta": {
            "nf-test": "0.9.2",
            "nextflow": "24.10.4"
        },
        "timestamp": "2025-07-09T14:59:16.343967081"
    },
    "Single-end test": {
        "content": [
            {
                "0": [
                    
                ],
                "1": [
                    
                ],
                "2": [
                    
                ],
                "html": [
                    
                ],
                "versions": [
                    
                ],
                "zip": [
                    
                ]
            }
        ],
        "meta": {
            "nf-test": "0.9.2",
            "nextflow": "24.10.4"
        },
        "timestamp": "2025-07-09T14:59:08.989471133"
    }
}