{
    "Samtools Flagstat Denovo": {
        "content": [
            {
                "0": [
                    
                ],
                "1": [
                    
                ],
                "flagstat": [
                    
                ],
                "versions": [
                    
                ]
            }
        ],
        "meta": {
            "nf-test": "0.9.2",
            "nextflow": "24.10.4"
        },
        "timestamp": "2025-06-27T13:53:10.017688368"
    }
}