{
    "Should run without failures": {
        "content": [
            {
                "0": [
                    
                ],
                "1": [
                    
                ],
                "tsv": [
                    
                ],
                "versions": [
                    
                ]
            }
        ],
        "meta": {
            "nf-test": "0.9.2",
            "nextflow": "24.10.4"
        },
        "timestamp": "2025-06-27T13:37:39.775149552"
    }
}