{
    "Ivar Variants Test": {
        "content": [
            {
                "0": [
                    
                ],
                "1": [
                    
                ],
                "tsv": [
                    
                ],
                "versions": [
                    
                ]
            }
        ],
        "meta": {
            "nf-test": "0.9.2",
            "nextflow": "24.10.4"
        },
        "timestamp": "2025-07-07T16:01:06.448112282"
    }
}